Ôû▓ Next.js 16.1.6 (Turbopack)
- Environments: .env

node.exe : ÔÜá The "middleware" file convention is deprecated. 
Please use "proxy" instead. Learn more: 
https://nextjs.org/docs/messages/middleware-to-proxy
No linha:1 caractere:1
+ & "C:\Program Files\nodejs/node.exe" "C:\Program 
Files\nodejs/node_mo ...
+ ~~~~~~~~~~~~~~~~~~~~~~~~~~~~~~~~~~~~~~~~~~~~~~~~~~~~~~~~~~~~~~
~~~~~~~
    + CategoryInfo          : NotSpecified: (ÔÜá The "middle... 
   leware-to-proxy:String) [], RemoteException
    + FullyQualifiedErrorId : NativeCommandError
 
  Creating an optimized production build ...
Browserslist: browsers data (caniuse-lite) is 8 months old. 
Please run:
  npx update-browserslist-db@latest
  Why you should do it regularly: 
https://github.com/browserslist/update-db#readme
Ô£ô Compiled successfully in 5.7s
  Running TypeScript ...
  Collecting page data using 19 workers ...
  Generating static pages using 19 workers (0/5) ...
Missing NEXT_PUBLIC_SUPABASE_URL environment variable
  Generating static pages using 19 workers (1/5) 
  Generating static pages using 19 workers (2/5) 
  Generating static pages using 19 workers (3/5) 
Ô£ô Generating static pages using 19 workers (5/5) in 353.2ms
  Finalizing page optimization ...

Route (app)
Ôöî Ôùï /
Ôö£ Ôùï /_not-found
Ôö£ ãÆ /admin/delivery
Ôö£ ãÆ /admin/editor
Ôö£ ãÆ /admin/overview
Ôö£ ãÆ /admin/payments
Ôö£ ãÆ /admin/products
Ôö£ ãÆ /admin/tracking
Ôö£ ãÆ /api/admin/produtos
Ôö£ ãÆ /api/checkout/cartao
Ôö£ ãÆ /api/checkout/pix
Ôö£ ãÆ /api/checkout/status
Ôö£ ãÆ /api/pedidos/[id]/entrega
Ôö£ ãÆ /api/webhooks/pushinpay
Ôö£ ãÆ /api/webhooks/stripe
Ôö£ ãÆ /checkout/[slug]
Ôö£ Ôùï /checkout/sucesso
Ôöö Ôùï /login


ãÆ Proxy (Middleware)

Ôùï  (Static)   prerendered as static content
ãÆ  (Dynamic)  server-rendered on demand

